// Jest Snapshot v1, https://goo.gl/fbAQLP

exports[`Flight Tile Matches snapshot 1`] = `
<div>
  <div
    className="tile_Container"
  >
    <React.Fragment>
      <Trip
        location={66328}
      />
    </React.Fragment>
  </div>
</div>
`;
