// Jest Snapshot v1, https://goo.gl/fbAQLP

exports[`test the profile page load should match snapshot and render correctly 1`] = `
<DocumentFragment>
  Andrew
  <p
    id="noQuotes"
  >
    You have no quotes favourited
  </p>
</DocumentFragment>
`;
